{
  "data": {
    "Count_Person": {
      "stat": {
        "country/ABW": {
          "date": "2021",
          "value": 107195,
          "meta_hash": "3981252704"
        },
        "country/AFG": {
          "date": "2021",
          "value": 39835428,
          "meta_hash": "3981252704"
        },
        "country/AGO": {
          "date": "2021",
          "value": 33933611,
          "meta_hash": "3981252704"
        },
        "country/AIA": {
          "date": "2011",
          "value": 15094,
          "meta_hash": "3114843463"
        },
        "country/ALB": {
          "date": "2021",
          "value": 2811666,
          "meta_hash": "3981252704"
        },
        "country/AND": {
          "date": "2021",
          "value": 77354,
          "meta_hash": "3981252704"
        },
        "country/ANT": {
          "date": "2009",
          "value": 227049,
          "meta_hash": "3114843463"
        },
        "country/ARE": {
          "date": "2021",
          "value": 9991083,
          "meta_hash": "3981252704"
        },
        "country/ARG": {
          "date": "2021",
          "value": 45808747,
          "meta_hash": "3981252704"
        },
        "country/ARM": {
          "date": "2021",
          "value": 2968128,
          "meta_hash": "3981252704"
        },
        "country/ASM": {
          "date": "2021",
          "value": 55103,
          "meta_hash": "3981252704"
        },
        "country/ATF": {
          "date": "2012",
          "value": 196,
          "meta_hash": "2458695583"
        },
        "country/ATG": {
          "date": "2021",
          "value": 98728,
          "meta_hash": "3981252704"
        },
        "country/AUS": {
          "date": "2021",
          "value": 25739256,
          "meta_hash": "3981252704"
        },
        "country/AUT": {
          "date": "2021",
          "value": 8956279,
          "meta_hash": "3981252704"
        },
        "country/AZE": {
          "date": "2021",
          "value": 10145212,
          "meta_hash": "3981252704"
        },
        "country/BDI": {
          "date": "2021",
          "value": 12255429,
          "meta_hash": "3981252704"
        },
        "country/BEL": {
          "date": "2021",
          "value": 11587882,
          "meta_hash": "3981252704"
        },
        "country/BEN": {
          "date": "2021",
          "value": 12451031,
          "meta_hash": "3981252704"
        },
        "country/BES": {
          "date": "2020-01-01",
          "value": 25987,
          "meta_hash": "1456184638"
        },
        "country/BFA": {
          "date": "2021",
          "value": 21497097,
          "meta_hash": "3981252704"
        },
        "country/BGD": {
          "date": "2021",
          "value": 166303494,
          "meta_hash": "3981252704"
        },
        "country/BGR": {
          "date": "2021",
          "value": 6899125,
          "meta_hash": "3981252704"
        },
        "country/BHR": {
          "date": "2021",
          "value": 1748295,
          "meta_hash": "3981252704"
        },
        "country/BHS": {
          "date": "2021",
          "value": 396914,
          "meta_hash": "3981252704"
        },
        "country/BIH": {
          "date": "2021",
          "value": 3263459,
          "meta_hash": "3981252704"
        },
        "country/BLM": {
          "date": "2012",
          "value": 9131,
          "meta_hash": "3114843463"
        },
        "country/BLR": {
          "date": "2021",
          "value": 9340314,
          "meta_hash": "3981252704"
        },
        "country/BLZ": {
          "date": "2021",
          "value": 404915,
          "meta_hash": "3981252704"
        },
        "country/BMU": {
          "date": "2021",
          "value": 63867,
          "meta_hash": "3981252704"
        },
        "country/BOL": {
          "date": "2021",
          "value": 11832936,
          "meta_hash": "3981252704"
        },
        "country/BRA": {
          "date": "2021",
          "value": 213993441,
          "meta_hash": "3981252704"
        },
        "country/BRB": {
          "date": "2021",
          "value": 287708,
          "meta_hash": "3981252704"
        },
        "country/BRN": {
          "date": "2021",
          "value": 441532,
          "meta_hash": "3981252704"
        },
        "country/BTN": {
          "date": "2021",
          "value": 779900,
          "meta_hash": "3981252704"
        },
        "country/BWA": {
          "date": "2021",
          "value": 2397240,
          "meta_hash": "3981252704"
        },
        "country/CAF": {
          "date": "2021",
          "value": 4919987,
          "meta_hash": "3981252704"
        },
        "country/CAN": {
          "date": "2021",
          "value": 38246108,
          "meta_hash": "3981252704"
        },
        "country/CCK": {
          "date": "2009",
          "value": 596,
          "meta_hash": "3114843463"
        },
        "country/CHE": {
          "date": "2021",
          "value": 8697723,
          "meta_hash": "3981252704"
        },
        "country/CHL": {
          "date": "2021",
          "value": 19212362,
          "meta_hash": "3981252704"
        },
        "country/CHN": {
          "date": "2021",
          "value": 1412360000,
          "meta_hash": "3981252704"
        },
        "country/CIV": {
          "date": "2021",
          "value": 27053629,
          "meta_hash": "3981252704"
        },
        "country/CMR": {
          "date": "2021",
          "value": 27224262,
          "meta_hash": "3981252704"
        },
        "country/COD": {
          "date": "2021",
          "value": 92377986,
          "meta_hash": "3981252704"
        },
        "country/COG": {
          "date": "2021",
          "value": 5657017,
          "meta_hash": "3981252704"
        },
        "country/COK": {
          "date": "2016",
          "value": 17459,
          "meta_hash": "1456184638"
        },
        "country/COL": {
          "date": "2021",
          "value": 51265841,
          "meta_hash": "3981252704"
        },
        "country/COM": {
          "date": "2021",
          "value": 888456,
          "meta_hash": "3981252704"
        },
        "country/CPV": {
          "date": "2021",
          "value": 561901,
          "meta_hash": "3981252704"
        },
        "country/CRI": {
          "date": "2021",
          "value": 5139053,
          "meta_hash": "3981252704"
        },
        "country/CUB": {
          "date": "2021",
          "value": 11317498,
          "meta_hash": "3981252704"
        },
        "country/CUW": {
          "date": "2021",
          "value": 152369,
          "meta_hash": "3981252704"
        },
        "country/CXR": {
          "date": "2010",
          "value": 1402,
          "meta_hash": "3114843463"
        },
        "country/CYM": {
          "date": "2021",
          "value": 66498,
          "meta_hash": "3981252704"
        },
        "country/CYP": {
          "date": "2021",
          "value": 1215588,
          "meta_hash": "3981252704"
        },
        "country/CZE": {
          "date": "2021",
          "value": 10703446,
          "meta_hash": "3981252704"
        },
        "country/DEU": {
          "date": "2021",
          "value": 83129285,
          "meta_hash": "3981252704"
        },
        "country/DJI": {
          "date": "2021",
          "value": 1002197,
          "meta_hash": "3981252704"
        },
        "country/DMA": {
          "date": "2021",
          "value": 72172,
          "meta_hash": "3981252704"
        },
        "country/DNK": {
          "date": "2021",
          "value": 5856733,
          "meta_hash": "3981252704"
        },
        "country/DOM": {
          "date": "2021",
          "value": 10953714,
          "meta_hash": "3981252704"
        },
        "country/DZA": {
          "date": "2021",
          "value": 44616626,
          "meta_hash": "3981252704"
        },
        "country/ECU": {
          "date": "2021",
          "value": 17888474,
          "meta_hash": "3981252704"
        },
        "country/EGY": {
          "date": "2021",
          "value": 104258327,
          "meta_hash": "3981252704"
        },
        "country/ERI": {
          "date": "2011",
          "value": 3213969,
          "meta_hash": "3981252704"
        },
        "country/ESH": {
          "date": "2019",
          "value": 582000,
          "meta_hash": "2458695583"
        },
        "country/ESP": {
          "date": "2021",
          "value": 47326687,
          "meta_hash": "3981252704"
        },
        "country/EST": {
          "date": "2021",
          "value": 1329254,
          "meta_hash": "3981252704"
        },
        "country/ETH": {
          "date": "2021",
          "value": 117876226,
          "meta_hash": "3981252704"
        },
        "country/FIN": {
          "date": "2021",
          "value": 5541696,
          "meta_hash": "3981252704"
        },
        "country/FJI": {
          "date": "2021",
          "value": 902899,
          "meta_hash": "3981252704"
        },
        "country/FLK": {
          "date": "2012",
          "value": 2840,
          "meta_hash": "3114843463"
        },
        "country/FRA": {
          "date": "2021",
          "value": 67499343,
          "meta_hash": "3981252704"
        },
        "country/FRO": {
          "date": "2021",
          "value": 49053,
          "meta_hash": "3981252704"
        },
        "country/FSM": {
          "date": "2021",
          "value": 116255,
          "meta_hash": "3981252704"
        },
        "country/FXX": {
          "date": "2019",
          "value": 64812052,
          "meta_hash": "738965619"
        },
        "country/GAB": {
          "date": "2021",
          "value": 2278829,
          "meta_hash": "3981252704"
        },
        "country/GBR": {
          "date": "2021",
          "value": 67326569,
          "meta_hash": "3981252704"
        },
        "country/GEO": {
          "date": "2021",
          "value": 3708610,
          "meta_hash": "3981252704"
        },
        "country/GGY": {
          "date": "2016",
          "value": 63026,
          "meta_hash": "2458695583"
        },
        "country/GHA": {
          "date": "2021",
          "value": 31732128,
          "meta_hash": "3981252704"
        },
        "country/GIB": {
          "date": "2021",
          "value": 33691,
          "meta_hash": "3981252704"
        },
        "country/GIN": {
          "date": "2021",
          "value": 13497237,
          "meta_hash": "3981252704"
        },
        "country/GLP": {
          "date": "2016",
          "value": 395700,
          "meta_hash": "1456184638"
        },
        "country/GMB": {
          "date": "2021",
          "value": 2486937,
          "meta_hash": "3981252704"
        },
        "country/GNB": {
          "date": "2021",
          "value": 2015490,
          "meta_hash": "3981252704"
        },
        "country/GNQ": {
          "date": "2021",
          "value": 1449891,
          "meta_hash": "3981252704"
        },
        "country/GRC": {
          "date": "2021",
          "value": 10664568,
          "meta_hash": "3981252704"
        },
        "country/GRD": {
          "date": "2021",
          "value": 113015,
          "meta_hash": "3981252704"
        },
        "country/GRL": {
          "date": "2021",
          "value": 56653,
          "meta_hash": "3981252704"
        },
        "country/GTM": {
          "date": "2021",
          "value": 17109746,
          "meta_hash": "3981252704"
        },
        "country/GUF": {
          "date": "2021-01",
          "value": 294071,
          "meta_hash": "1456184638"
        },
        "country/GUM": {
          "date": "2021",
          "value": 170184,
          "meta_hash": "3981252704"
        },
        "country/GUY": {
          "date": "2021",
          "value": 790329,
          "meta_hash": "3981252704"
        },
        "country/HKG": {
          "date": "2021",
          "value": 7413100,
          "meta_hash": "3981252704"
        },
        "country/HMD": {
          "date": "2011",
          "value": 0,
          "meta_hash": "2458695583"
        },
        "country/HND": {
          "date": "2021",
          "value": 10062994,
          "meta_hash": "3981252704"
        },
        "country/HRV": {
          "date": "2021",
          "value": 3899000,
          "meta_hash": "3981252704"
        },
        "country/HTI": {
          "date": "2021",
          "value": 11541683,
          "meta_hash": "3981252704"
        },
        "country/HUN": {
          "date": "2021",
          "value": 9709886,
          "meta_hash": "3981252704"
        },
        "country/IDN": {
          "date": "2021",
          "value": 276361788,
          "meta_hash": "3981252704"
        },
        "country/IMN": {
          "date": "2021",
          "value": 85410,
          "meta_hash": "3981252704"
        },
        "country/IND": {
          "date": "2021",
          "value": 1393409033,
          "meta_hash": "3981252704"
        },
        "country/IRL": {
          "date": "2021",
          "value": 5028230,
          "meta_hash": "3981252704"
        },
        "country/IRN": {
          "date": "2021",
          "value": 85028760,
          "meta_hash": "3981252704"
        },
        "country/IRQ": {
          "date": "2021",
          "value": 41179351,
          "meta_hash": "3981252704"
        },
        "country/ISL": {
          "date": "2021",
          "value": 372295,
          "meta_hash": "3981252704"
        },
        "country/ISR": {
          "date": "2021",
          "value": 9364000,
          "meta_hash": "3981252704"
        },
        "country/ITA": {
          "date": "2021",
          "value": 59066225,
          "meta_hash": "3981252704"
        },
        "country/JAM": {
          "date": "2021",
          "value": 2973462,
          "meta_hash": "3981252704"
        },
        "country/JEY": {
          "date": "2011",
          "value": 97857,
          "meta_hash": "3114843463"
        },
        "country/JOR": {
          "date": "2021",
          "value": 10269022,
          "meta_hash": "3981252704"
        },
        "country/JPN": {
          "date": "2021",
          "value": 125681593,
          "meta_hash": "3981252704"
        },
        "country/KAZ": {
          "date": "2021",
          "value": 19002586,
          "meta_hash": "3981252704"
        },
        "country/KEN": {
          "date": "2021",
          "value": 54985702,
          "meta_hash": "3981252704"
        },
        "country/KGZ": {
          "date": "2021",
          "value": 6694200,
          "meta_hash": "3981252704"
        },
        "country/KHM": {
          "date": "2021",
          "value": 16946446,
          "meta_hash": "3981252704"
        },
        "country/KIR": {
          "date": "2021",
          "value": 121388,
          "meta_hash": "3981252704"
        },
        "country/KNA": {
          "date": "2021",
          "value": 53546,
          "meta_hash": "3981252704"
        },
        "country/KOR": {
          "date": "2021",
          "value": 51744876,
          "meta_hash": "3981252704"
        },
        "country/KWT": {
          "date": "2021",
          "value": 4328553,
          "meta_hash": "3981252704"
        },
        "country/LAO": {
          "date": "2021",
          "value": 7379358,
          "meta_hash": "3981252704"
        },
        "country/LBN": {
          "date": "2021",
          "value": 6769151,
          "meta_hash": "3981252704"
        },
        "country/LBR": {
          "date": "2021",
          "value": 5180208,
          "meta_hash": "3981252704"
        },
        "country/LBY": {
          "date": "2021",
          "value": 6958538,
          "meta_hash": "3981252704"
        },
        "country/LCA": {
          "date": "2021",
          "value": 184401,
          "meta_hash": "3981252704"
        },
        "country/LIE": {
          "date": "2021",
          "value": 38254,
          "meta_hash": "3981252704"
        },
        "country/LKA": {
          "date": "2021",
          "value": 22156000,
          "meta_hash": "3981252704"
        },
        "country/LSO": {
          "date": "2021",
          "value": 2159067,
          "meta_hash": "3981252704"
        },
        "country/LTU": {
          "date": "2021",
          "value": 2795321,
          "meta_hash": "3981252704"
        },
        "country/LUX": {
          "date": "2021",
          "value": 639070,
          "meta_hash": "3981252704"
        },
        "country/LVA": {
          "date": "2021",
          "value": 1883162,
          "meta_hash": "3981252704"
        },
        "country/MAC": {
          "date": "2021",
          "value": 658391,
          "meta_hash": "3981252704"
        },
        "country/MAF": {
          "date": "2021",
          "value": 39239,
          "meta_hash": "3981252704"
        },
        "country/MAR": {
          "date": "2021",
          "value": 37344787,
          "meta_hash": "3981252704"
        },
        "country/MCO": {
          "date": "2021",
          "value": 39520,
          "meta_hash": "3981252704"
        },
        "country/MDA": {
          "date": "2021",
          "value": 2573928,
          "meta_hash": "3981252704"
        },
        "country/MDG": {
          "date": "2021",
          "value": 28427333,
          "meta_hash": "3981252704"
        },
        "country/MDV": {
          "date": "2021",
          "value": 543620,
          "meta_hash": "3981252704"
        },
        "country/MEX": {
          "date": "2021",
          "value": 130262220,
          "meta_hash": "3981252704"
        },
        "country/MHL": {
          "date": "2021",
          "value": 59618,
          "meta_hash": "3981252704"
        },
        "country/MKD": {
          "date": "2021",
          "value": 2065092,
          "meta_hash": "3981252704"
        },
        "country/MLI": {
          "date": "2021",
          "value": 20855724,
          "meta_hash": "3981252704"
        },
        "country/MLT": {
          "date": "2021",
          "value": 516869,
          "meta_hash": "3981252704"
        },
        "country/MMR": {
          "date": "2021",
          "value": 54806014,
          "meta_hash": "3981252704"
        },
        "country/MNE": {
          "date": "2021",
          "value": 620173,
          "meta_hash": "3981252704"
        },
        "country/MNG": {
          "date": "2021",
          "value": 3329282,
          "meta_hash": "3981252704"
        },
        "country/MNP": {
          "date": "2021",
          "value": 57910,
          "meta_hash": "3981252704"
        },
        "country/MOZ": {
          "date": "2021",
          "value": 32163045,
          "meta_hash": "3981252704"
        },
        "country/MRT": {
          "date": "2021",
          "value": 4775110,
          "meta_hash": "3981252704"
        },
        "country/MSR": {
          "date": "2020",
          "value": 4992,
          "meta_hash": "3114843463"
        },
        "country/MTQ": {
          "date": "2016",
          "value": 376480,
          "meta_hash": "1456184638"
        },
        "country/MUS": {
          "date": "2021",
          "value": 1266060,
          "meta_hash": "3981252704"
        },
        "country/MWI": {
          "date": "2021",
          "value": 19647681,
          "meta_hash": "3981252704"
        },
        "country/MYS": {
          "date": "2021",
          "value": 32776195,
          "meta_hash": "3981252704"
        },
        "country/MYT": {
          "date": "2019",
          "value": 270372,
          "meta_hash": "738965619"
        },
        "country/NAM": {
          "date": "2021",
          "value": 2587344,
          "meta_hash": "3981252704"
        },
        "country/NCL": {
          "date": "2021",
          "value": 272620,
          "meta_hash": "3981252704"
        },
        "country/NER": {
          "date": "2021",
          "value": 25130810,
          "meta_hash": "3981252704"
        },
        "country/NFK": {
          "date": "2011-07",
          "value": 2169,
          "meta_hash": "3114843463"
        },
        "country/NGA": {
          "date": "2021",
          "value": 211400704,
          "meta_hash": "3981252704"
        },
        "country/NIC": {
          "date": "2021",
          "value": 6702379,
          "meta_hash": "3981252704"
        },
        "country/NIU": {
          "date": "2018",
          "value": 1620,
          "meta_hash": "1456184638"
        },
        "country/NLD": {
          "date": "2021",
          "value": 17533405,
          "meta_hash": "3981252704"
        },
        "country/NOR": {
          "date": "2021",
          "value": 5408320,
          "meta_hash": "3981252704"
        },
        "country/NPL": {
          "date": "2021",
          "value": 29674920,
          "meta_hash": "3981252704"
        },
        "country/NRU": {
          "date": "2021",
          "value": 10873,
          "meta_hash": "3981252704"
        },
        "country/NZL": {
          "date": "2021",
          "value": 5122600,
          "meta_hash": "3981252704"
        },
        "country/OMN": {
          "date": "2021",
          "value": 5223376,
          "meta_hash": "3981252704"
        },
        "country/PAK": {
          "date": "2021",
          "value": 225199929,
          "meta_hash": "3981252704"
        },
        "country/PAN": {
          "date": "2021",
          "value": 4381583,
          "meta_hash": "3981252704"
        },
        "country/PCN": {
          "date": "2011",
          "value": 67,
          "meta_hash": "3114843463"
        },
        "country/PER": {
          "date": "2021",
          "value": 33359416,
          "meta_hash": "3981252704"
        },
        "country/PHL": {
          "date": "2021",
          "value": 111046910,
          "meta_hash": "3981252704"
        },
        "country/PLW": {
          "date": "2021",
          "value": 18174,
          "meta_hash": "3981252704"
        },
        "country/PNG": {
          "date": "2021",
          "value": 9119005,
          "meta_hash": "3981252704"
        },
        "country/POL": {
          "date": "2021",
          "value": 37781024,
          "meta_hash": "3981252704"
        },
        "country/PRI": {
          "date": "2021",
          "value": 3263584,
          "meta_hash": "3981252704"
        },
        "country/PRK": {
          "date": "2021",
          "value": 25887045,
          "meta_hash": "3981252704"
        },
        "country/PRT": {
          "date": "2021",
          "value": 10299423,
          "meta_hash": "3981252704"
        },
        "country/PRY": {
          "date": "2021",
          "value": 7219641,
          "meta_hash": "3981252704"
        },
        "country/PSE": {
          "date": "2021",
          "value": 4922749,
          "meta_hash": "3981252704"
        },
        "country/PYF": {
          "date": "2021",
          "value": 282534,
          "meta_hash": "3981252704"
        },
        "country/QAT": {
          "date": "2021",
          "value": 2930524,
          "meta_hash": "3981252704"
        },
        "country/REU": {
          "date": "2020-01",
          "value": 859959,
          "meta_hash": "1456184638"
        },
        "country/ROU": {
          "date": "2021",
          "value": 19115146,
          "meta_hash": "3981252704"
        },
        "country/RUS": {
          "date": "2021",
          "value": 143446060,
          "meta_hash": "3981252704"
        },
        "country/RWA": {
          "date": "2021",
          "value": 13276517,
          "meta_hash": "3981252704"
        },
        "country/SAU": {
          "date": "2021",
          "value": 35340680,
          "meta_hash": "3981252704"
        },
        "country/SDN": {
          "date": "2021",
          "value": 44909351,
          "meta_hash": "3981252704"
        },
        "country/SEN": {
          "date": "2021",
          "value": 17196308,
          "meta_hash": "3981252704"
        },
        "country/SGP": {
          "date": "2021",
          "value": 5453566,
          "meta_hash": "3981252704"
        },
        "country/SGS": {
          "date": "2006",
          "value": 30,
          "meta_hash": "3114843463"
        },
        "country/SHN": {
          "date": "2008",
          "value": 5661,
          "meta_hash": "3114843463"
        },
        "country/SLB": {
          "date": "2021",
          "value": 703995,
          "meta_hash": "3981252704"
        },
        "country/SLE": {
          "date": "2021",
          "value": 8141343,
          "meta_hash": "3981252704"
        },
        "country/SLV": {
          "date": "2021",
          "value": 6518500,
          "meta_hash": "3981252704"
        },
        "country/SMR": {
          "date": "2021",
          "value": 34010,
          "meta_hash": "3981252704"
        },
        "country/SOM": {
          "date": "2021",
          "value": 16359500,
          "meta_hash": "3981252704"
        },
        "country/SPM": {
          "date": "2011",
          "value": 5888,
          "meta_hash": "3114843463"
        },
        "country/SRB": {
          "date": "2021",
          "value": 6844078,
          "meta_hash": "3981252704"
        },
        "country/SSD": {
          "date": "2021",
          "value": 11381377,
          "meta_hash": "3981252704"
        },
        "country/STP": {
          "date": "2021",
          "value": 223364,
          "meta_hash": "3981252704"
        },
        "country/SUR": {
          "date": "2021",
          "value": 591798,
          "meta_hash": "3981252704"
        },
        "country/SVK": {
          "date": "2021",
          "value": 5447247,
          "meta_hash": "3981252704"
        },
        "country/SVN": {
          "date": "2021",
          "value": 2107007,
          "meta_hash": "3981252704"
        },
        "country/SWE": {
          "date": "2021",
          "value": 10415811,
          "meta_hash": "3981252704"
        },
        "country/SWZ": {
          "date": "2021",
          "value": 1172369,
          "meta_hash": "3981252704"
        },
        "country/SXM": {
          "date": "2021",
          "value": 42846,
          "meta_hash": "3981252704"
        },
        "country/SYC": {
          "date": "2021",
          "value": 99202,
          "meta_hash": "3981252704"
        },
        "country/SYR": {
          "date": "2021",
          "value": 18275704,
          "meta_hash": "3981252704"
        },
        "country/TCA": {
          "date": "2021",
          "value": 39226,
          "meta_hash": "3981252704"
        },
        "country/TCD": {
          "date": "2021",
          "value": 16914985,
          "meta_hash": "3981252704"
        },
        "country/TGO": {
          "date": "2021",
          "value": 8478242,
          "meta_hash": "3981252704"
        },
        "country/THA": {
          "date": "2021",
          "value": 69950844,
          "meta_hash": "3981252704"
        },
        "country/TJK": {
          "date": "2021",
          "value": 9749625,
          "meta_hash": "3981252704"
        },
        "country/TKL": {
          "date": "2011-10",
          "value": 1411,
          "meta_hash": "3114843463"
        },
        "country/TKM": {
          "date": "2021",
          "value": 6117933,
          "meta_hash": "3981252704"
        },
        "country/TLS": {
          "date": "2021",
          "value": 1343875,
          "meta_hash": "3981252704"
        },
        "country/TON": {
          "date": "2021",
          "value": 106759,
          "meta_hash": "3981252704"
        },
        "country/TTO": {
          "date": "2021",
          "value": 1403374,
          "meta_hash": "3981252704"
        },
        "country/TUN": {
          "date": "2021",
          "value": 11935764,
          "meta_hash": "3981252704"
        },
        "country/TUR": {
          "date": "2021",
          "value": 85042736,
          "meta_hash": "3981252704"
        },
        "country/TUV": {
          "date": "2021",
          "value": 11925,
          "meta_hash": "3981252704"
        },
        "country/TWN": {
          "date": "2020",
          "value": 23568378,
          "meta_hash": "1456184638"
        },
        "country/TZA": {
          "date": "2021",
          "value": 61498438,
          "meta_hash": "3981252704"
        },
        "country/UGA": {
          "date": "2021",
          "value": 47123533,
          "meta_hash": "3981252704"
        },
        "country/UKR": {
          "date": "2021",
          "value": 43814581,
          "meta_hash": "3981252704"
        },
        "country/UMI": {
          "date": "2009",
          "value": 300,
          "meta_hash": "1456184638"
        },
        "country/URY": {
          "date": "2021",
          "value": 3485152,
          "meta_hash": "3981252704"
        },
        "country/USA": {
          "date": "2021",
          "value": 331893745,
          "meta_hash": "2176550201"
        },
        "country/UZB": {
          "date": "2021",
          "value": 34915100,
          "meta_hash": "3981252704"
        },
        "country/VAT": {
          "date": "2019",
          "value": 825,
          "meta_hash": "1456184638"
        },
        "country/VCT": {
          "date": "2021",
          "value": 111269,
          "meta_hash": "3981252704"
        },
        "country/VEN": {
          "date": "2021",
          "value": 28704947,
          "meta_hash": "3981252704"
        },
        "country/VGB": {
          "date": "2021",
          "value": 30423,
          "meta_hash": "3981252704"
        },
        "country/VIR": {
          "date": "2021",
          "value": 105870,
          "meta_hash": "3981252704"
        },
        "country/VNM": {
          "date": "2021",
          "value": 98168829,
          "meta_hash": "3981252704"
        },
        "country/VUT": {
          "date": "2021",
          "value": 314464,
          "meta_hash": "3981252704"
        },
        "country/WLF": {
          "date": "2009-07",
          "value": 15289,
          "meta_hash": "3114843463"
        },
        "country/WSM": {
          "date": "2021",
          "value": 200144,
          "meta_hash": "3981252704"
        },
        "country/XKS": {
          "date": "2020",
          "value": 1873160,
          "meta_hash": "1456184638"
        },
        "country/YEM": {
          "date": "2021",
          "value": 30490639,
          "meta_hash": "3981252704"
        },
        "country/YUG": {
          "date": "1991",
          "value": 23229846,
          "meta_hash": "1456184638"
        },
        "country/ZAF": {
          "date": "2021",
          "value": 60041996,
          "meta_hash": "3981252704"
        },
        "country/ZMB": {
          "date": "2021",
          "value": 18920657,
          "meta_hash": "3981252704"
        },
        "country/ZWE": {
          "date": "2021",
          "value": 15092171,
          "meta_hash": "3981252704"
        }
      }
    }
  },
  "metadata": {
    "1456184638": {
      "import_name": "WikipediaStatsData",
      "provenance_url": "https://www.wikipedia.org",
      "measurement_method": "Wikipedia"
    },
    "2176550201": {
      "import_name": "USCensusPEP_Annual_Population",
      "provenance_url": "https://www2.census.gov/programs-surveys/popest/tables",
      "measurement_method": "CensusPEPSurvey",
      "observation_period": "P1Y"
    },
    "2458695583": {
      "import_name": "WikidataPopulation",
      "provenance_url": "https://www.wikidata.org/wiki/Wikidata:Main_Page",
      "measurement_method": "WikidataPopulation"
    },
    "3114843463": {
      "import_name": "HumanCuratedStats",
      "provenance_url": "https://google.com",
      "measurement_method": "HumanCuratedStats"
    },
    "3981252704": {
      "import_name": "WorldDevelopmentIndicators",
      "provenance_url": "https://datacatalog.worldbank.org/dataset/world-development-indicators/",
      "observation_period": "P1Y"
    },
    "738965619": {
      "import_name": "FranceINSEE",
      "provenance_url": "https://www.insee.fr/en/metadonnees/source/indicateur/p1667/description",
      "measurement_method": "FranceINSEE"
    },
    "858679853": {
      "import_name": "EurostatData",
      "provenance_url": "https://ec.europa.eu/eurostat/data/database",
      "measurement_method": "EurostatRegionalPopulationData"
    }
  }
}