{
  "header": [
    "?place",
    "?value"
  ],
  "rows": [
    {
      "cells": [
        {
          "value": "country/ABW"
        },
        {
          "value": "29730"
        }
      ]
    },
    {
      "cells": [
        {
          "value": "country/AGO"
        },
        {
          "value": "2780"
        }
      ]
    },
    {
      "cells": [
        {
          "value": "country/ALB"
        },
        {
          "value": "3980"
        }
      ]
    },
    {
      "cells": [
        {
          "value": "country/ARE"
        },
        {
          "value": "103050"
        }
      ]
    },
    {
      "cells": [
        {
          "value": "country/ARG"
        },
        {
          "value": "11300"
        }
      ]
    },
    {
      "cells": [
        {
          "value": "country/ARM"
        },
        {
          "value": "2740"
        }
      ]
    },
    {
      "cells": [
        {
          "value": "country/ATG"
        },
        {
          "value": "15920"
        }
      ]
    },
    {
      "cells": [
        {
          "value": "country/AUS"
        },
        {
          "value": "25580"
        }
      ]
    },
    {
      "cells": [
        {
          "value": "country/AUT"
        },
        {
          "value": "29120"
        }
      ]
    },
    {
      "cells": [
        {
          "value": "country/AZE"
        },
        {
          "value": "3320"
        }
      ]
    }
  ]
}