{
  "data": {
    "Count_Person": {
      "rankAll": {
        "info": [
          {
            "rank": 1,
            "value": 1412360000,
            "placeDcid": "country/CHN"
          },
          {
            "rank": 2,
            "value": 1393409033,
            "placeDcid": "country/IND"
          },
          {
            "rank": 3,
            "value": 331893745,
            "placeDcid": "country/USA"
          },
          {
            "rank": 4,
            "value": 276361788,
            "placeDcid": "country/IDN"
          },
          {
            "rank": 5,
            "value": 225199929,
            "placeDcid": "country/PAK"
          },
          {
            "rank": 6,
            "value": 213993441,
            "placeDcid": "country/BRA"
          },
          {
            "rank": 7,
            "value": 211400704,
            "placeDcid": "country/NGA"
          },
          {
            "rank": 8,
            "value": 166303494,
            "placeDcid": "country/BGD"
          },
          {
            "rank": 9,
            "value": 143446060,
            "placeDcid": "country/RUS"
          },
          {
            "rank": 10,
            "value": 130262220,
            "placeDcid": "country/MEX"
          },
          {
            "rank": 11,
            "value": 125681593,
            "placeDcid": "country/JPN"
          },
          {
            "rank": 12,
            "value": 117876226,
            "placeDcid": "country/ETH"
          },
          {
            "rank": 13,
            "value": 111046910,
            "placeDcid": "country/PHL"
          },
          {
            "rank": 14,
            "value": 104258327,
            "placeDcid": "country/EGY"
          },
          {
            "rank": 15,
            "value": 98168829,
            "placeDcid": "country/VNM"
          },
          {
            "rank": 16,
            "value": 92377986,
            "placeDcid": "country/COD"
          },
          {
            "rank": 17,
            "value": 85042736,
            "placeDcid": "country/TUR"
          },
          {
            "rank": 18,
            "value": 85028760,
            "placeDcid": "country/IRN"
          },
          {
            "rank": 19,
            "value": 83129285,
            "placeDcid": "country/DEU"
          },
          {
            "rank": 20,
            "value": 69950844,
            "placeDcid": "country/THA"
          },
          {
            "rank": 21,
            "value": 67499343,
            "placeDcid": "country/FRA"
          },
          {
            "rank": 22,
            "value": 67326569,
            "placeDcid": "country/GBR"
          },
          {
            "rank": 23,
            "value": 61498438,
            "placeDcid": "country/TZA"
          },
          {
            "rank": 24,
            "value": 60041996,
            "placeDcid": "country/ZAF"
          },
          {
            "rank": 25,
            "value": 59066225,
            "placeDcid": "country/ITA"
          },
          {
            "rank": 26,
            "value": 54985702,
            "placeDcid": "country/KEN"
          },
          {
            "rank": 27,
            "value": 54806014,
            "placeDcid": "country/MMR"
          },
          {
            "rank": 28,
            "value": 51744876,
            "placeDcid": "country/KOR"
          },
          {
            "rank": 29,
            "value": 51265841,
            "placeDcid": "country/COL"
          },
          {
            "rank": 30,
            "value": 47326687,
            "placeDcid": "country/ESP"
          },
          {
            "rank": 31,
            "value": 47123533,
            "placeDcid": "country/UGA"
          },
          {
            "rank": 32,
            "value": 45808747,
            "placeDcid": "country/ARG"
          },
          {
            "rank": 33,
            "value": 44909351,
            "placeDcid": "country/SDN"
          },
          {
            "rank": 34,
            "value": 44616626,
            "placeDcid": "country/DZA"
          },
          {
            "rank": 35,
            "value": 43814581,
            "placeDcid": "country/UKR"
          },
          {
            "rank": 36,
            "value": 41179351,
            "placeDcid": "country/IRQ"
          },
          {
            "rank": 37,
            "value": 39835428,
            "placeDcid": "country/AFG"
          },
          {
            "rank": 38,
            "value": 38246108,
            "placeDcid": "country/CAN"
          },
          {
            "rank": 39,
            "value": 37781024,
            "placeDcid": "country/POL"
          },
          {
            "rank": 40,
            "value": 37344787,
            "placeDcid": "country/MAR"
          },
          {
            "rank": 41,
            "value": 35340680,
            "placeDcid": "country/SAU"
          },
          {
            "rank": 42,
            "value": 34915100,
            "placeDcid": "country/UZB"
          },
          {
            "rank": 43,
            "value": 33933611,
            "placeDcid": "country/AGO"
          },
          {
            "rank": 44,
            "value": 33359416,
            "placeDcid": "country/PER"
          },
          {
            "rank": 45,
            "value": 32776195,
            "placeDcid": "country/MYS"
          },
          {
            "rank": 46,
            "value": 32163045,
            "placeDcid": "country/MOZ"
          },
          {
            "rank": 47,
            "value": 31732128,
            "placeDcid": "country/GHA"
          },
          {
            "rank": 48,
            "value": 30490639,
            "placeDcid": "country/YEM"
          },
          {
            "rank": 49,
            "value": 29674920,
            "placeDcid": "country/NPL"
          },
          {
            "rank": 50,
            "value": 28704947,
            "placeDcid": "country/VEN"
          },
          {
            "rank": 51,
            "value": 28427333,
            "placeDcid": "country/MDG"
          },
          {
            "rank": 52,
            "value": 27224262,
            "placeDcid": "country/CMR"
          },
          {
            "rank": 53,
            "value": 27053629,
            "placeDcid": "country/CIV"
          },
          {
            "rank": 54,
            "value": 25887045,
            "placeDcid": "country/PRK"
          },
          {
            "rank": 55,
            "value": 25739256,
            "placeDcid": "country/AUS"
          },
          {
            "rank": 56,
            "value": 25130810,
            "placeDcid": "country/NER"
          },
          {
            "rank": 57,
            "value": 22156000,
            "placeDcid": "country/LKA"
          },
          {
            "rank": 58,
            "value": 21497097,
            "placeDcid": "country/BFA"
          },
          {
            "rank": 59,
            "value": 20855724,
            "placeDcid": "country/MLI"
          },
          {
            "rank": 60,
            "value": 19647681,
            "placeDcid": "country/MWI"
          },
          {
            "rank": 61,
            "value": 19212362,
            "placeDcid": "country/CHL"
          },
          {
            "rank": 62,
            "value": 19115146,
            "placeDcid": "country/ROU"
          },
          {
            "rank": 63,
            "value": 19002586,
            "placeDcid": "country/KAZ"
          },
          {
            "rank": 64,
            "value": 18920657,
            "placeDcid": "country/ZMB"
          },
          {
            "rank": 65,
            "value": 18275704,
            "placeDcid": "country/SYR"
          },
          {
            "rank": 66,
            "value": 17888474,
            "placeDcid": "country/ECU"
          },
          {
            "rank": 67,
            "value": 17533405,
            "placeDcid": "country/NLD"
          },
          {
            "rank": 68,
            "value": 17196308,
            "placeDcid": "country/SEN"
          },
          {
            "rank": 69,
            "value": 17109746,
            "placeDcid": "country/GTM"
          },
          {
            "rank": 70,
            "value": 16946446,
            "placeDcid": "country/KHM"
          },
          {
            "rank": 71,
            "value": 16914985,
            "placeDcid": "country/TCD"
          },
          {
            "rank": 72,
            "value": 16359500,
            "placeDcid": "country/SOM"
          },
          {
            "rank": 73,
            "value": 15092171,
            "placeDcid": "country/ZWE"
          },
          {
            "rank": 74,
            "value": 13497237,
            "placeDcid": "country/GIN"
          },
          {
            "rank": 75,
            "value": 13276517,
            "placeDcid": "country/RWA"
          },
          {
            "rank": 76,
            "value": 12451031,
            "placeDcid": "country/BEN"
          },
          {
            "rank": 77,
            "value": 12255429,
            "placeDcid": "country/BDI"
          },
          {
            "rank": 78,
            "value": 11935764,
            "placeDcid": "country/TUN"
          },
          {
            "rank": 79,
            "value": 11832936,
            "placeDcid": "country/BOL"
          },
          {
            "rank": 80,
            "value": 11587882,
            "placeDcid": "country/BEL"
          },
          {
            "rank": 81,
            "value": 11541683,
            "placeDcid": "country/HTI"
          },
          {
            "rank": 82,
            "value": 11381377,
            "placeDcid": "country/SSD"
          },
          {
            "rank": 83,
            "value": 11317498,
            "placeDcid": "country/CUB"
          },
          {
            "rank": 84,
            "value": 10953714,
            "placeDcid": "country/DOM"
          },
          {
            "rank": 85,
            "value": 10703446,
            "placeDcid": "country/CZE"
          },
          {
            "rank": 86,
            "value": 10664568,
            "placeDcid": "country/GRC"
          },
          {
            "rank": 87,
            "value": 10415811,
            "placeDcid": "country/SWE"
          },
          {
            "rank": 88,
            "value": 10299423,
            "placeDcid": "country/PRT"
          },
          {
            "rank": 89,
            "value": 10269022,
            "placeDcid": "country/JOR"
          },
          {
            "rank": 90,
            "value": 10145212,
            "placeDcid": "country/AZE"
          },
          {
            "rank": 91,
            "value": 10062994,
            "placeDcid": "country/HND"
          },
          {
            "rank": 92,
            "value": 9991083,
            "placeDcid": "country/ARE"
          },
          {
            "rank": 93,
            "value": 9749625,
            "placeDcid": "country/TJK"
          },
          {
            "rank": 94,
            "value": 9709886,
            "placeDcid": "country/HUN"
          },
          {
            "rank": 95,
            "value": 9364000,
            "placeDcid": "country/ISR"
          },
          {
            "rank": 96,
            "value": 9340314,
            "placeDcid": "country/BLR"
          },
          {
            "rank": 97,
            "value": 9119005,
            "placeDcid": "country/PNG"
          },
          {
            "rank": 98,
            "value": 8956279,
            "placeDcid": "country/AUT"
          },
          {
            "rank": 99,
            "value": 8697723,
            "placeDcid": "country/CHE"
          },
          {
            "rank": 100,
            "value": 8478242,
            "placeDcid": "country/TGO"
          },
          {
            "rank": 101,
            "value": 8141343,
            "placeDcid": "country/SLE"
          },
          {
            "rank": 102,
            "value": 7413100,
            "placeDcid": "country/HKG"
          },
          {
            "rank": 103,
            "value": 7379358,
            "placeDcid": "country/LAO"
          },
          {
            "rank": 104,
            "value": 7219641,
            "placeDcid": "country/PRY"
          },
          {
            "rank": 105,
            "value": 6958538,
            "placeDcid": "country/LBY"
          },
          {
            "rank": 106,
            "value": 6899125,
            "placeDcid": "country/BGR"
          },
          {
            "rank": 107,
            "value": 6844078,
            "placeDcid": "country/SRB"
          },
          {
            "rank": 108,
            "value": 6769151,
            "placeDcid": "country/LBN"
          },
          {
            "rank": 109,
            "value": 6702379,
            "placeDcid": "country/NIC"
          },
          {
            "rank": 110,
            "value": 6694200,
            "placeDcid": "country/KGZ"
          },
          {
            "rank": 111,
            "value": 6518500,
            "placeDcid": "country/SLV"
          },
          {
            "rank": 112,
            "value": 6117933,
            "placeDcid": "country/TKM"
          },
          {
            "rank": 113,
            "value": 5856733,
            "placeDcid": "country/DNK"
          },
          {
            "rank": 114,
            "value": 5657017,
            "placeDcid": "country/COG"
          },
          {
            "rank": 115,
            "value": 5541696,
            "placeDcid": "country/FIN"
          },
          {
            "rank": 116,
            "value": 5453566,
            "placeDcid": "country/SGP"
          },
          {
            "rank": 117,
            "value": 5447247,
            "placeDcid": "country/SVK"
          },
          {
            "rank": 118,
            "value": 5408320,
            "placeDcid": "country/NOR"
          },
          {
            "rank": 119,
            "value": 5223376,
            "placeDcid": "country/OMN"
          },
          {
            "rank": 120,
            "value": 5180208,
            "placeDcid": "country/LBR"
          },
          {
            "rank": 121,
            "value": 5139053,
            "placeDcid": "country/CRI"
          },
          {
            "rank": 122,
            "value": 5122600,
            "placeDcid": "country/NZL"
          },
          {
            "rank": 123,
            "value": 5028230,
            "placeDcid": "country/IRL"
          },
          {
            "rank": 124,
            "value": 4922749,
            "placeDcid": "country/PSE"
          },
          {
            "rank": 125,
            "value": 4919987,
            "placeDcid": "country/CAF"
          },
          {
            "rank": 126,
            "value": 4775110,
            "placeDcid": "country/MRT"
          },
          {
            "rank": 127,
            "value": 4381583,
            "placeDcid": "country/PAN"
          },
          {
            "rank": 128,
            "value": 4328553,
            "placeDcid": "country/KWT"
          },
          {
            "rank": 129,
            "value": 3899000,
            "placeDcid": "country/HRV"
          },
          {
            "rank": 130,
            "value": 3708610,
            "placeDcid": "country/GEO"
          },
          {
            "rank": 131,
            "value": 3485152,
            "placeDcid": "country/URY"
          },
          {
            "rank": 132,
            "value": 3329282,
            "placeDcid": "country/MNG"
          },
          {
            "rank": 133,
            "value": 3263584,
            "placeDcid": "country/PRI"
          },
          {
            "rank": 134,
            "value": 3263459,
            "placeDcid": "country/BIH"
          },
          {
            "rank": 135,
            "value": 3213969,
            "placeDcid": "country/ERI"
          },
          {
            "rank": 136,
            "value": 2973462,
            "placeDcid": "country/JAM"
          },
          {
            "rank": 137,
            "value": 2968128,
            "placeDcid": "country/ARM"
          },
          {
            "rank": 138,
            "value": 2930524,
            "placeDcid": "country/QAT"
          },
          {
            "rank": 139,
            "value": 2811666,
            "placeDcid": "country/ALB"
          },
          {
            "rank": 140,
            "value": 2795321,
            "placeDcid": "country/LTU"
          },
          {
            "rank": 141,
            "value": 2587344,
            "placeDcid": "country/NAM"
          },
          {
            "rank": 142,
            "value": 2573928,
            "placeDcid": "country/MDA"
          },
          {
            "rank": 143,
            "value": 2486937,
            "placeDcid": "country/GMB"
          },
          {
            "rank": 144,
            "value": 2397240,
            "placeDcid": "country/BWA"
          },
          {
            "rank": 145,
            "value": 2278829,
            "placeDcid": "country/GAB"
          },
          {
            "rank": 146,
            "value": 2159067,
            "placeDcid": "country/LSO"
          },
          {
            "rank": 147,
            "value": 2107007,
            "placeDcid": "country/SVN"
          },
          {
            "rank": 148,
            "value": 2065092,
            "placeDcid": "country/MKD"
          },
          {
            "rank": 149,
            "value": 2015490,
            "placeDcid": "country/GNB"
          },
          {
            "rank": 150,
            "value": 1883162,
            "placeDcid": "country/LVA"
          },
          {
            "rank": 151,
            "value": 1748295,
            "placeDcid": "country/BHR"
          },
          {
            "rank": 152,
            "value": 1449891,
            "placeDcid": "country/GNQ"
          },
          {
            "rank": 153,
            "value": 1403374,
            "placeDcid": "country/TTO"
          },
          {
            "rank": 154,
            "value": 1343875,
            "placeDcid": "country/TLS"
          },
          {
            "rank": 155,
            "value": 1329254,
            "placeDcid": "country/EST"
          },
          {
            "rank": 156,
            "value": 1266060,
            "placeDcid": "country/MUS"
          },
          {
            "rank": 157,
            "value": 1215588,
            "placeDcid": "country/CYP"
          },
          {
            "rank": 158,
            "value": 1172369,
            "placeDcid": "country/SWZ"
          },
          {
            "rank": 159,
            "value": 1002197,
            "placeDcid": "country/DJI"
          },
          {
            "rank": 160,
            "value": 902899,
            "placeDcid": "country/FJI"
          },
          {
            "rank": 161,
            "value": 888456,
            "placeDcid": "country/COM"
          },
          {
            "rank": 162,
            "value": 790329,
            "placeDcid": "country/GUY"
          },
          {
            "rank": 163,
            "value": 779900,
            "placeDcid": "country/BTN"
          },
          {
            "rank": 164,
            "value": 703995,
            "placeDcid": "country/SLB"
          },
          {
            "rank": 165,
            "value": 658391,
            "placeDcid": "country/MAC"
          },
          {
            "rank": 166,
            "value": 639070,
            "placeDcid": "country/LUX"
          },
          {
            "rank": 167,
            "value": 620173,
            "placeDcid": "country/MNE"
          },
          {
            "rank": 168,
            "value": 591798,
            "placeDcid": "country/SUR"
          },
          {
            "rank": 169,
            "value": 561901,
            "placeDcid": "country/CPV"
          },
          {
            "rank": 170,
            "value": 543620,
            "placeDcid": "country/MDV"
          },
          {
            "rank": 171,
            "value": 516869,
            "placeDcid": "country/MLT"
          },
          {
            "rank": 172,
            "value": 441532,
            "placeDcid": "country/BRN"
          },
          {
            "rank": 173,
            "value": 404915,
            "placeDcid": "country/BLZ"
          },
          {
            "rank": 174,
            "value": 396914,
            "placeDcid": "country/BHS"
          },
          {
            "rank": 175,
            "value": 372295,
            "placeDcid": "country/ISL"
          },
          {
            "rank": 176,
            "value": 314464,
            "placeDcid": "country/VUT"
          },
          {
            "rank": 177,
            "value": 287708,
            "placeDcid": "country/BRB"
          },
          {
            "rank": 178,
            "value": 282534,
            "placeDcid": "country/PYF"
          },
          {
            "rank": 179,
            "value": 272620,
            "placeDcid": "country/NCL"
          },
          {
            "rank": 180,
            "value": 223364,
            "placeDcid": "country/STP"
          },
          {
            "rank": 181,
            "value": 200144,
            "placeDcid": "country/WSM"
          },
          {
            "rank": 182,
            "value": 184401,
            "placeDcid": "country/LCA"
          },
          {
            "rank": 183,
            "value": 170184,
            "placeDcid": "country/GUM"
          },
          {
            "rank": 184,
            "value": 152369,
            "placeDcid": "country/CUW"
          },
          {
            "rank": 185,
            "value": 121388,
            "placeDcid": "country/KIR"
          },
          {
            "rank": 186,
            "value": 116255,
            "placeDcid": "country/FSM"
          },
          {
            "rank": 187,
            "value": 113015,
            "placeDcid": "country/GRD"
          },
          {
            "rank": 188,
            "value": 111269,
            "placeDcid": "country/VCT"
          },
          {
            "rank": 189,
            "value": 107195,
            "placeDcid": "country/ABW"
          },
          {
            "rank": 190,
            "value": 106759,
            "placeDcid": "country/TON"
          },
          {
            "rank": 191,
            "value": 105870,
            "placeDcid": "country/VIR"
          },
          {
            "rank": 192,
            "value": 99202,
            "placeDcid": "country/SYC"
          },
          {
            "rank": 193,
            "value": 98728,
            "placeDcid": "country/ATG"
          },
          {
            "rank": 194,
            "value": 85410,
            "placeDcid": "country/IMN"
          },
          {
            "rank": 195,
            "value": 77354,
            "placeDcid": "country/AND"
          },
          {
            "rank": 196,
            "value": 72172,
            "placeDcid": "country/DMA"
          },
          {
            "rank": 197,
            "value": 66498,
            "placeDcid": "country/CYM"
          },
          {
            "rank": 198,
            "value": 63867,
            "placeDcid": "country/BMU"
          },
          {
            "rank": 199,
            "value": 59618,
            "placeDcid": "country/MHL"
          },
          {
            "rank": 200,
            "value": 57910,
            "placeDcid": "country/MNP"
          },
          {
            "rank": 201,
            "value": 56653,
            "placeDcid": "country/GRL"
          },
          {
            "rank": 202,
            "value": 55103,
            "placeDcid": "country/ASM"
          },
          {
            "rank": 203,
            "value": 53546,
            "placeDcid": "country/KNA"
          },
          {
            "rank": 204,
            "value": 49053,
            "placeDcid": "country/FRO"
          },
          {
            "rank": 205,
            "value": 42846,
            "placeDcid": "country/SXM"
          },
          {
            "rank": 206,
            "value": 39520,
            "placeDcid": "country/MCO"
          },
          {
            "rank": 207,
            "value": 39239,
            "placeDcid": "country/MAF"
          },
          {
            "rank": 208,
            "value": 39226,
            "placeDcid": "country/TCA"
          },
          {
            "rank": 209,
            "value": 38254,
            "placeDcid": "country/LIE"
          },
          {
            "rank": 210,
            "value": 34010,
            "placeDcid": "country/SMR"
          },
          {
            "rank": 211,
            "value": 33691,
            "placeDcid": "country/GIB"
          },
          {
            "rank": 212,
            "value": 30423,
            "placeDcid": "country/VGB"
          },
          {
            "rank": 213,
            "value": 18174,
            "placeDcid": "country/PLW"
          },
          {
            "rank": 214,
            "value": 11925,
            "placeDcid": "country/TUV"
          },
          {
            "rank": 215,
            "value": 10873,
            "placeDcid": "country/NRU"
          }
        ]
      }
    }
  }
}